
> yummi-share@1.0.0 test
> jest __tests__/CreateRecipeVisibility.test.tsx

FAIL __tests__/CreateRecipeVisibility.test.tsx
  ● Test suite failed to run

    Jest encountered an unexpected token

    Jest failed to parse a file. This happens e.g. when your code or its dependencies use non-standard JavaScript syntax, or when Jest is not configured to support such syntax.

    Out of the box Jest supports Babel, which will be used to transform your files into valid JS based on your Babel configuration.

    By default "node_modules" folder is ignored by transformers.

    Here's what you can do:
     • If you are trying to use ECMAScript Modules, see https://jestjs.io/docs/ecmascript-modules for how to enable it.
     • If you are trying to use TypeScript, see https://jestjs.io/docs/getting-started#using-typescript
     • To have some of your "node_modules" files transformed, you can specify a custom "transformIgnorePatterns" in your config.
     • If you need a custom transformation specify a "transform" option in your config.
     • If you simply want to mock your non-JS modules (e.g. binary assets) you can stub them out with the "moduleNameMapper" config option.

    You'll find more details and examples of these config options in the docs:
    https://jestjs.io/docs/configuration
    For information about custom transformations, see:
    https://jestjs.io/docs/code-transformation

    Details:

    SyntaxError: /app/screens/CreateRecipeScreen.tsx: Adjacent JSX elements must be wrapped in an enclosing tag. Did you want a JSX fragment <>...</>? (222:16)

      220 |             <Controller name="prepTime" control={control} render={({ field: { onChange, onBlur, value } }) => (
      221 |                 <TextInput label="Prep Time (min)" accessibilityLabel="Prep Time (min)" mode="outlined" keyboardType="numeric" onBlur={onBlur} onChangeText={onChange} value={String(value || '')} error={!!errors.prepTime} />
    > 222 |                 <TextInput label="Prep Time (min)" mode="outlined" keyboardType="numeric" onBlur={onBlur} onChangeText={onChange} value={String(value || '')} error={!!errors.prepTime} testID="prep-time-input" />
          |                 ^
      223 |             )} />
      224 |             {errors.prepTime && <HelperText type="error">{errors.prepTime.message}</HelperText>}
      225 |         </View>

      at constructor (node_modules/@babel/parser/src/parse-error.ts:95:45)
      at TypeScriptParserMixin.toParseError [as raise] (node_modules/@babel/parser/src/tokenizer/index.ts:1504:19)
      at TypeScriptParserMixin.raise [as jsxParseElementAt] (node_modules/@babel/parser/src/plugins/jsx/index.ts:543:20)
      at TypeScriptParserMixin.jsxParseElementAt [as jsxParseElement] (node_modules/@babel/parser/src/plugins/jsx/index.ts:559:19)
      at TypeScriptParserMixin.jsxParseElement [as parseExprAtom] (node_modules/@babel/parser/src/plugins/jsx/index.ts:573:21)
      at TypeScriptParserMixin.parseExprAtom [as parseExprSubscripts] (node_modules/@babel/parser/src/parser/expression.ts:742:23)
      at TypeScriptParserMixin.parseExprSubscripts [as parseUpdate] (node_modules/@babel/parser/src/parser/expression.ts:721:21)
      at TypeScriptParserMixin.parseUpdate (node_modules/@babel/parser/src/parser/expression.ts:683:23)
      at TypeScriptParserMixin.parseMaybeUnary (node_modules/@babel/parser/src/plugins/typescript/index.ts:3872:20)
      at TypeScriptParserMixin.parseMaybeUnary [as parseMaybeUnaryOrPrivate] (node_modules/@babel/parser/src/parser/expression.ts:417:14)
      at TypeScriptParserMixin.parseMaybeUnaryOrPrivate [as parseExprOps] (node_modules/@babel/parser/src/parser/expression.ts:429:23)
      at TypeScriptParserMixin.parseExprOps [as parseMaybeConditional] (node_modules/@babel/parser/src/parser/expression.ts:384:23)
      at TypeScriptParserMixin.parseMaybeConditional (node_modules/@babel/parser/src/parser/expression.ts:301:21)
      at parseMaybeAssign (node_modules/@babel/parser/src/plugins/typescript/index.ts:3724:23)
      at TypeScriptParserMixin.fn [as tryParse] (node_modules/@babel/parser/src/parser/util.ts:174:20)
      at TypeScriptParserMixin.tryParse [as parseMaybeAssign] (node_modules/@babel/parser/src/plugins/typescript/index.ts:3723:20)
      at parseMaybeAssign (node_modules/@babel/parser/src/parser/expression.ts:257:12)
      at TypeScriptParserMixin.callback [as allowInAnd] (node_modules/@babel/parser/src/parser/expression.ts:3194:12)
      at TypeScriptParserMixin.allowInAnd [as parseMaybeAssignAllowIn] (node_modules/@babel/parser/src/parser/expression.ts:256:17)
      at TypeScriptParserMixin.parseMaybeAssignAllowIn [as parseMaybeAssignAllowInOrVoidPattern] (node_modules/@babel/parser/src/parser/expression.ts:3308:17)
      at TypeScriptParserMixin.parseMaybeAssignAllowInOrVoidPattern [as parseParenAndDistinguishExpression] (node_modules/@babel/parser/src/parser/expression.ts:1822:16)
      at TypeScriptParserMixin.parseParenAndDistinguishExpression (node_modules/@babel/parser/src/parser/expression.ts:1170:21)
      at TypeScriptParserMixin.parseExprAtom (node_modules/@babel/parser/src/plugins/jsx/index.ts:583:22)
      at TypeScriptParserMixin.parseExprAtom [as parseExprSubscripts] (node_modules/@babel/parser/src/parser/expression.ts:742:23)
      at TypeScriptParserMixin.parseExprSubscripts [as parseUpdate] (node_modules/@babel/parser/src/parser/expression.ts:721:21)
      at TypeScriptParserMixin.parseUpdate (node_modules/@babel/parser/src/parser/expression.ts:683:23)
      at TypeScriptParserMixin.parseMaybeUnary (node_modules/@babel/parser/src/plugins/typescript/index.ts:3872:20)
      at TypeScriptParserMixin.parseMaybeUnary [as parseMaybeUnaryOrPrivate] (node_modules/@babel/parser/src/parser/expression.ts:417:14)
      at TypeScriptParserMixin.parseMaybeUnaryOrPrivate [as parseExprOps] (node_modules/@babel/parser/src/parser/expression.ts:429:23)
      at TypeScriptParserMixin.parseExprOps [as parseMaybeConditional] (node_modules/@babel/parser/src/parser/expression.ts:384:23)
      at TypeScriptParserMixin.parseMaybeConditional (node_modules/@babel/parser/src/parser/expression.ts:301:21)
      at TypeScriptParserMixin.parseMaybeAssign (node_modules/@babel/parser/src/plugins/typescript/index.ts:3743:22)
      at TypeScriptParserMixin.parseMaybeAssign [as parseFunctionBody] (node_modules/@babel/parser/src/parser/expression.ts:2604:14)
      at TypeScriptParserMixin.parseFunctionBody [as parseArrowExpression] (node_modules/@babel/parser/src/parser/expression.ts:2559:10)
      at TypeScriptParserMixin.parseArrowExpression [as parseParenAndDistinguishExpression] (node_modules/@babel/parser/src/parser/expression.ts:1847:12)
      at TypeScriptParserMixin.parseParenAndDistinguishExpression (node_modules/@babel/parser/src/parser/expression.ts:1170:21)
      at TypeScriptParserMixin.parseExprAtom (node_modules/@babel/parser/src/plugins/jsx/index.ts:583:22)
      at TypeScriptParserMixin.parseExprAtom [as parseExprSubscripts] (node_modules/@babel/parser/src/parser/expression.ts:742:23)
      at TypeScriptParserMixin.parseExprSubscripts [as parseUpdate] (node_modules/@babel/parser/src/parser/expression.ts:721:21)
      at TypeScriptParserMixin.parseUpdate (node_modules/@babel/parser/src/parser/expression.ts:683:23)
      at TypeScriptParserMixin.parseMaybeUnary (node_modules/@babel/parser/src/plugins/typescript/index.ts:3872:20)
      at TypeScriptParserMixin.parseMaybeUnary [as parseMaybeUnaryOrPrivate] (node_modules/@babel/parser/src/parser/expression.ts:417:14)
      at TypeScriptParserMixin.parseMaybeUnaryOrPrivate [as parseExprOps] (node_modules/@babel/parser/src/parser/expression.ts:429:23)
      at TypeScriptParserMixin.parseExprOps [as parseMaybeConditional] (node_modules/@babel/parser/src/parser/expression.ts:384:23)
      at TypeScriptParserMixin.parseMaybeConditional (node_modules/@babel/parser/src/parser/expression.ts:301:21)
      at TypeScriptParserMixin.parseMaybeAssign (node_modules/@babel/parser/src/plugins/typescript/index.ts:3743:22)
      at TypeScriptParserMixin.parseMaybeAssign [as parseExpressionBase] (node_modules/@babel/parser/src/parser/expression.ts:226:23)
      at parseExpressionBase (node_modules/@babel/parser/src/parser/expression.ts:217:39)
      at TypeScriptParserMixin.callback [as allowInAnd] (node_modules/@babel/parser/src/parser/expression.ts:3194:12)
      at TypeScriptParserMixin.allowInAnd [as parseExpression] (node_modules/@babel/parser/src/parser/expression.ts:217:17)
      at TypeScriptParserMixin.parseExpression [as jsxParseExpressionContainer] (node_modules/@babel/parser/src/plugins/jsx/index.ts:376:33)
      at TypeScriptParserMixin.jsxParseExpressionContainer [as jsxParseAttributeValue] (node_modules/@babel/parser/src/plugins/jsx/index.ts:331:23)
      at TypeScriptParserMixin.jsxParseAttributeValue [as jsxParseAttribute] (node_modules/@babel/parser/src/plugins/jsx/index.ts:414:43)
      at TypeScriptParserMixin.jsxParseAttribute (node_modules/@babel/parser/src/plugins/jsx/index.ts:440:30)
      at TypeScriptParserMixin.jsxParseOpeningElementAfterName (node_modules/@babel/parser/src/plugins/typescript/index.ts:4194:20)
      at TypeScriptParserMixin.jsxParseOpeningElementAfterName [as jsxParseOpeningElementAt] (node_modules/@babel/parser/src/plugins/jsx/index.ts:430:19)
      at TypeScriptParserMixin.jsxParseOpeningElementAt [as jsxParseElementAt] (node_modules/@babel/parser/src/plugins/jsx/index.ts:470:35)
      at TypeScriptParserMixin.jsxParseElementAt (node_modules/@babel/parser/src/plugins/jsx/index.ts:483:34)
      at TypeScriptParserMixin.jsxParseElementAt (node_modules/@babel/parser/src/plugins/jsx/index.ts:483:34)
      at TypeScriptParserMixin.jsxParseElementAt (node_modules/@babel/parser/src/plugins/jsx/index.ts:483:34)
      at TypeScriptParserMixin.jsxParseElementAt [as jsxParseElement] (node_modules/@babel/parser/src/plugins/jsx/index.ts:559:19)
      at TypeScriptParserMixin.jsxParseElement [as parseExprAtom] (node_modules/@babel/parser/src/plugins/jsx/index.ts:573:21)
      at TypeScriptParserMixin.parseExprAtom [as parseExprSubscripts] (node_modules/@babel/parser/src/parser/expression.ts:742:23)
      at TypeScriptParserMixin.parseExprSubscripts [as parseUpdate] (node_modules/@babel/parser/src/parser/expression.ts:721:21)
      at TypeScriptParserMixin.parseUpdate (node_modules/@babel/parser/src/parser/expression.ts:683:23)
      at TypeScriptParserMixin.parseMaybeUnary (node_modules/@babel/parser/src/plugins/typescript/index.ts:3872:20)
      at TypeScriptParserMixin.parseMaybeUnary [as parseMaybeUnaryOrPrivate] (node_modules/@babel/parser/src/parser/expression.ts:417:14)
      at TypeScriptParserMixin.parseMaybeUnaryOrPrivate [as parseExprOps] (node_modules/@babel/parser/src/parser/expression.ts:429:23)
      at TypeScriptParserMixin.parseExprOps [as parseMaybeConditional] (node_modules/@babel/parser/src/parser/expression.ts:384:23)
      at TypeScriptParserMixin.parseMaybeConditional (node_modules/@babel/parser/src/parser/expression.ts:301:21)
      at parseMaybeAssign (node_modules/@babel/parser/src/plugins/typescript/index.ts:3724:23)
      at TypeScriptParserMixin.fn [as tryParse] (node_modules/@babel/parser/src/parser/util.ts:174:20)
      at TypeScriptParserMixin.tryParse [as parseMaybeAssign] (node_modules/@babel/parser/src/plugins/typescript/index.ts:3723:20)
      at parseMaybeAssign (node_modules/@babel/parser/src/parser/expression.ts:257:12)
      at TypeScriptParserMixin.callback [as allowInAnd] (node_modules/@babel/parser/src/parser/expression.ts:3194:12)
      at TypeScriptParserMixin.allowInAnd [as parseMaybeAssignAllowIn] (node_modules/@babel/parser/src/parser/expression.ts:256:17)
      at TypeScriptParserMixin.parseMaybeAssignAllowIn [as parseMaybeAssignAllowInOrVoidPattern] (node_modules/@babel/parser/src/parser/expression.ts:3308:17)
      at TypeScriptParserMixin.parseMaybeAssignAllowInOrVoidPattern [as parseParenAndDistinguishExpression] (node_modules/@babel/parser/src/parser/expression.ts:1822:16)
      at TypeScriptParserMixin.parseParenAndDistinguishExpression (node_modules/@babel/parser/src/parser/expression.ts:1170:21)
      at TypeScriptParserMixin.parseExprAtom (node_modules/@babel/parser/src/plugins/jsx/index.ts:583:22)
      at TypeScriptParserMixin.parseExprAtom [as parseExprSubscripts] (node_modules/@babel/parser/src/parser/expression.ts:742:23)
      at TypeScriptParserMixin.parseExprSubscripts [as parseUpdate] (node_modules/@babel/parser/src/parser/expression.ts:721:21)
      at TypeScriptParserMixin.parseUpdate (node_modules/@babel/parser/src/parser/expression.ts:683:23)
      at TypeScriptParserMixin.parseMaybeUnary (node_modules/@babel/parser/src/plugins/typescript/index.ts:3872:20)
      at TypeScriptParserMixin.parseMaybeUnary [as parseMaybeUnaryOrPrivate] (node_modules/@babel/parser/src/parser/expression.ts:417:14)
      at TypeScriptParserMixin.parseMaybeUnaryOrPrivate [as parseExprOps] (node_modules/@babel/parser/src/parser/expression.ts:429:23)
      at TypeScriptParserMixin.parseExprOps [as parseMaybeConditional] (node_modules/@babel/parser/src/parser/expression.ts:384:23)
      at TypeScriptParserMixin.parseMaybeConditional (node_modules/@babel/parser/src/parser/expression.ts:301:21)
      at TypeScriptParserMixin.parseMaybeAssign (node_modules/@babel/parser/src/plugins/typescript/index.ts:3743:22)
      at TypeScriptParserMixin.parseMaybeAssign [as parseExpressionBase] (node_modules/@babel/parser/src/parser/expression.ts:226:23)
      at parseExpressionBase (node_modules/@babel/parser/src/parser/expression.ts:217:39)
      at TypeScriptParserMixin.callback [as allowInAnd] (node_modules/@babel/parser/src/parser/expression.ts:3189:16)
      at TypeScriptParserMixin.allowInAnd [as parseExpression] (node_modules/@babel/parser/src/parser/expression.ts:217:17)
      at TypeScriptParserMixin.parseExpression [as parseReturnStatement] (node_modules/@babel/parser/src/parser/statement.ts:1115:28)
      at TypeScriptParserMixin.parseReturnStatement (node_modules/@babel/parser/src/parser/statement.ts:543:21)
      at TypeScriptParserMixin.parseStatementContent (node_modules/@babel/parser/src/plugins/typescript/index.ts:3219:20)
      at TypeScriptParserMixin.parseStatementContent [as parseStatementLike] (node_modules/@babel/parser/src/parser/statement.ts:482:17)
      at TypeScriptParserMixin.parseStatementLike [as parseStatementListItem] (node_modules/@babel/parser/src/parser/statement.ts:431:17)
      at TypeScriptParserMixin.parseStatementListItem [as parseBlockOrModuleBlockBody] (node_modules/@babel/parser/src/parser/statement.ts:1444:16)
      at TypeScriptParserMixin.parseBlockOrModuleBlockBody [as parseBlockBody] (node_modules/@babel/parser/src/parser/statement.ts:1417:10)

Test Suites: 1 failed, 1 total
Tests:       0 total
Snapshots:   0 total
Time:        1.339 s
Ran all test suites matching /__tests__\/CreateRecipeVisibility.test.tsx/i.
